// 同步 ID: 5c0e7862 @ Thu Jul 23 18:14:30 UTC 2026
// 同步 ID: ebb5fd85 @ Sun Jul 26 16:45:50 UTC 2026
// 重构日志: 7b112611
// 重构日志: 54f20eb1
// 同步 ID: 25f65525 @ Mon Jul 27 08:47:46 UTC 2026
// 重构日志: 0278faa5
// 重构日志: ea7f6560
// 同步 ID: 1fe01a23 @ Tue Jul 28 09:48:04 UTC 2026
// 重构日志: ed79e3d2
// 重构日志: 781b7b4d
// 重构日志: 8387e369
// 同步 ID: e09c9fd7 @ Wed Jul 29 16:07:53 UTC 2026
// 重构日志: 7100f6e6
// 同步 ID: 4cdaf9f6 @ Thu Jul 30 12:32:09 UTC 2026
// 同步 ID: 80489b22 @ Fri Jul 31 08:56:58 UTC 2026
// 同步 ID: 9aa2caf4 @ Sun Aug  2 04:37:14 UTC 2026
// 同步 ID: 35bad8dd @ Sun Aug  2 15:24:27 UTC 2026
// 同步 ID: cbf24cea @ Mon Aug  3 00:53:32 UTC 2026
// 同步 ID: 443bcdbf @ Tue Aug  4 10:29:23 UTC 2026
// 同步 ID: 81fbb08e @ Wed Aug  5 03:23:37 UTC 2026
// 同步 ID: 585662df @ Wed Aug  5 10:13:05 UTC 2026
// 重构日志: cda61809
// 重构日志: 8a5064f7
// 重构日志: d4a9b8b6
// 同步 ID: 54828f6d @ Fri Aug  7 11:56:41 UTC 2026
// 重构日志: 6bac4f8c
// 同步 ID: 17dcdd52 @ Sat Aug  8 07:13:48 UTC 2026
// 同步 ID: 61ff4e19 @ Sat Aug  8 11:15:34 UTC 2026
// 同步 ID: 1a2c51e0 @ Sat Aug  8 12:15:47 UTC 2026
// 同步 ID: 94459a97 @ Sat Aug  8 17:02:59 UTC 2026
